// Vitest Snapshot v1, https://vitest.dev/guide/snapshot.html

exports[`openapi document > exposes the full route inventory 1`] = `
[
  "DELETE /api/people/{id}",
  "DELETE /api/recurring-rules/{id}",
  "DELETE /api/transactions/{id}",
  "DELETE /api/wallets/{id}",
  "GET /api/analytics/asset-growth",
  "GET /api/analytics/category-breakdown",
  "GET /api/analytics/monthly-trend",
  "GET /api/analytics/recent",
  "GET /api/analytics/shared-balances",
  "GET /api/analytics/summary",
  "GET /api/assets",
  "GET /api/categories",
  "GET /api/dashboard",
  "GET /api/exchange-rates",
  "GET /api/imports",
  "GET /api/inbox",
  "GET /api/people",
  "GET /api/people/{id}/balance",
  "GET /api/recurring-rules",
  "GET /api/recurring-rules/{id}/preview",
  "GET /api/transactions",
  "GET /api/transactions/search",
  "GET /api/wallets",
  "GET /api/wallets/{id}/monthly-summary",
  "GET /api/wallets/{id}/transactions",
  "GET /health",
  "PATCH /api/categories/{id}",
  "PATCH /api/people/{id}",
  "PATCH /api/recurring-rules/{id}",
  "PATCH /api/transactions/{id}",
  "PATCH /api/wallets/{id}",
  "POST /api/categories",
  "POST /api/exchange-rates",
  "POST /api/inbox/{id}/approve",
  "POST /api/inbox/{id}/reject",
  "POST /api/people",
  "POST /api/people/{id}/settle",
  "POST /api/recurring-rules",
  "POST /api/transactions",
  "POST /api/transactions/bulk",
  "POST /api/transactions/{id}/restore",
  "POST /api/wallets",
  "POST /api/wallets/{id}/restore",
]
`;
